[    0.000000] Linux version 4.15.0-212-generic (buildd@lcy02-amd64-083) (gcc version 7.5.0 (Ubuntu 7.5.0-3ubuntu1~18.04)) #223-Ubuntu SMP Tue May 23 13:09:22 UTC 2023 (Ubuntu 4.15.0-212.223-generic 4.15.18)
[    0.000000] Command line: BOOT_IMAGE=/boot/vmlinuz-4.15.0-212-generic root=LABEL=cloudimg-rootfs ro console=tty1 console=ttyS0
[    0.000000] KERNEL supported cpus:
[    0.000000]   Intel GenuineIntel
[    0.000000]   AMD AuthenticAMD
[    0.000000]   Centaur CentaurHauls
[    0.000000] x86/fpu: Supporting XSAVE feature 0x001: 'x87 floating point registers'
[    0.000000] x86/fpu: Supporting XSAVE feature 0x002: 'SSE registers'
[    0.000000] x86/fpu: Supporting XSAVE feature 0x004: 'AVX registers'
[    0.000000] x86/fpu: xstate_offset[2]:  576, xstate_sizes[2]:  256
[    0.000000] x86/fpu: Enabled xstate features 0x7, context size is 832 bytes, using 'standard' format.
[    0.000000] e820: BIOS-provided physical RAM map:
[    0.000000] BIOS-e820: [mem 0x0000000000000000-0x000000000009fbff] usable
[    0.000000] BIOS-e820: [mem 0x000000000009fc00-0x000000000009ffff] reserved
[    0.000000] BIOS-e820: [mem 0x00000000000f0000-0x00000000000fffff] reserved
[    0.000000] BIOS-e820: [mem 0x0000000000100000-0x000000001ffeffff] usable
[    0.000000] BIOS-e820: [mem 0x000000001fff0000-0x000000001fffffff] ACPI data
[    0.000000] BIOS-e820: [mem 0x00000000fec00000-0x00000000fec00fff] reserved
[    0.000000] BIOS-e820: [mem 0x00000000fee00000-0x00000000fee00fff] reserved
[    0.000000] BIOS-e820: [mem 0x00000000fffc0000-0x00000000ffffffff] reserved
[    0.000000] NX (Execute Disable) protection: active
[    0.000000] SMBIOS 2.5 present.
[    0.000000] DMI: innotek GmbH VirtualBox/VirtualBox, BIOS VirtualBox 12/01/2006
[    0.000000] Hypervisor detected: KVM
[    0.000000] e820: last_pfn = 0x1fff0 max_arch_pfn = 0x400000000
[    0.000000] MTRR: Disabled
[    0.000000] x86/PAT: MTRRs disabled, skipping PAT initialization too.
[    0.000000] CPU MTRRs all blank - virtualized system.
[    0.000000] x86/PAT: Configuration [0-7]: WB  WT  UC- UC  WB  WT  UC- UC  
[    0.000000] found SMP MP-table at [mem 0x0009fff0-0x0009ffff]
[    0.000000] Scanning 1 areas for low memory corruption
[    0.000000] RAMDISK: [mem 0x1db01000-0x1ee12fff]
[    0.000000] ACPI: Early table checksum verification disabled
[    0.000000] ACPI: RSDP 0x00000000000E0000 000024 (v02 VBOX  )
[    0.000000] ACPI: XSDT 0x000000001FFF0030 00003C (v01 VBOX   VBOXXSDT 00000001 ASL  00000061)
[    0.000000] ACPI: FACP 0x000000001FFF00F0 0000F4 (v04 VBOX   VBOXFACP 00000001 ASL  00000061)
[    0.000000] ACPI: DSDT 0x000000001FFF0610 002353 (v02 VBOX   VBOXBIOS 00000002 INTL 20100528)
[    0.000000] ACPI: FACS 0x000000001FFF0200 000040
[    0.000000] ACPI: FACS 0x000000001FFF0200 000040
[    0.000000] ACPI: APIC 0x000000001FFF0240 000054 (v02 VBOX   VBOXAPIC 00000001 ASL  00000061)
[    0.000000] ACPI: SSDT 0x000000001FFF02A0 00036C (v01 VBOX   VBOXCPUT 00000002 INTL 20100528)
[    0.000000] ACPI: Reserving FACP table memory at [mem 0x1fff00f0-0x1fff01e3]
[    0.000000] ACPI: Reserving DSDT table memory at [mem 0x1fff0610-0x1fff2962]
[    0.000000] ACPI: Reserving FACS table memory at [mem 0x1fff0200-0x1fff023f]
[    0.000000] ACPI: Reserving FACS table memory at [mem 0x1fff0200-0x1fff023f]
[    0.000000] ACPI: Reserving APIC table memory at [mem 0x1fff0240-0x1fff0293]
[    0.000000] ACPI: Reserving SSDT table memory at [mem 0x1fff02a0-0x1fff060b]
[    0.000000] No NUMA configuration found
[    0.000000] Faking a node at [mem 0x0000000000000000-0x000000001ffeffff]
[    0.000000] NODE_DATA(0) allocated [mem 0x1ffc5000-0x1ffeffff]
[    0.000000] kvm-clock: cpu 0, msr 0:1ff44001, primary cpu clock
[    0.000000] kvm-clock: Using msrs 4b564d01 and 4b564d00
[    0.000000] kvm-clock: using sched offset of 4075313005 cycles
[    0.000000] clocksource: kvm-clock: mask: 0xffffffffffffffff max_cycles: 0x1cd42e4dffb, max_idle_ns: 881590591483 ns
[    0.000000] Zone ranges:
[    0.000000]   DMA      [mem 0x0000000000001000-0x0000000000ffffff]
[    0.000000]   DMA32    [mem 0x0000000001000000-0x000000001ffeffff]
[    0.000000]   Normal   empty
[    0.000000]   Device   empty
[    0.000000] Movable zone start for each node
[    0.000000] Early memory node ranges
[    0.000000]   node   0: [mem 0x0000000000001000-0x000000000009efff]
[    0.000000]   node   0: [mem 0x0000000000100000-0x000000001ffeffff]
[    0.000000] Reserved but unavailable: 104 pages
[    0.000000] Initmem setup node 0 [mem 0x0000000000001000-0x000000001ffeffff]
[    0.000000] ACPI: PM-Timer IO Port: 0x4008
[    0.000000] IOAPIC[0]: apic_id 1, version 32, address 0xfec00000, GSI 0-23
[    0.000000] ACPI: INT_SRC_OVR (bus 0 bus_irq 0 global_irq 2 dfl dfl)
[    0.000000] ACPI: INT_SRC_OVR (bus 0 bus_irq 9 global_irq 9 low level)
[    0.000000] Using ACPI (MADT) for SMP configuration information
[    0.000000] smpboot: Allowing 1 CPUs, 0 hotplug CPUs
[    0.000000] PM: Registered nosave memory: [mem 0x00000000-0x00000fff]
[    0.000000] PM: Registered nosave memory: [mem 0x0009f000-0x0009ffff]
[    0.000000] PM: Registered nosave memory: [mem 0x000a0000-0x000effff]
[    0.000000] PM: Registered nosave memory: [mem 0x000f0000-0x000fffff]
[    0.000000] e820: [mem 0x20000000-0xfebfffff] available for PCI devices
[    0.000000] Booting paravirtualized kernel on KVM
[    0.000000] clocksource: refined-jiffies: mask: 0xffffffff max_cycles: 0xffffffff, max_idle_ns: 7645519600211568 ns
[    0.000000] setup_percpu: NR_CPUS:8192 nr_cpumask_bits:1 nr_cpu_ids:1 nr_node_ids:1
[    0.000000] percpu: Embedded 50 pages/cpu s167936 r8192 d28672 u2097152
[    0.000000] PV qspinlock hash table entries: 256 (order: 0, 4096 bytes)
[    0.000000] Built 1 zonelists, mobility grouping on.  Total pages: 128889
[    0.000000] Policy zone: DMA32
[    0.000000] Kernel command line: BOOT_IMAGE=/boot/vmlinuz-4.15.0-212-generic root=LABEL=cloudimg-rootfs ro console=tty1 console=ttyS0
[    0.000000] Memory: 466748K/523832K available (12300K kernel code, 2477K rwdata, 4324K rodata, 2480K init, 2720K bss, 57084K reserved, 0K cma-reserved)
[    0.000000] SLUB: HWalign=64, Order=0-3, MinObjects=0, CPUs=1, Nodes=1
[    0.000000] ftrace: allocating 39508 entries in 155 pages
[    0.004000] Hierarchical RCU implementation.
[    0.004000] 	RCU restricting CPUs from NR_CPUS=8192 to nr_cpu_ids=1.
[    0.004000] 	Tasks RCU enabled.
[    0.004000] RCU: Adjusting geometry for rcu_fanout_leaf=16, nr_cpu_ids=1
[    0.004000] NR_IRQS: 524544, nr_irqs: 256, preallocated irqs: 16
[    0.004000] random: crng init done
[    0.004000] Console: colour VGA+ 80x25
[    0.004000] console [tty1] enabled
[    0.004000] console [ttyS0] enabled
[    0.004000] ACPI: Core revision 20170831
[    0.004000] ACPI: 2 ACPI AML tables successfully acquired and loaded
[    0.004000] APIC: Switch to symmetric I/O mode setup
[    0.004000] x2apic enabled
[    0.004000] Switched APIC routing to physical x2apic.
[    0.006229] ..TIMER: vector=0x30 apic1=0 pin1=2 apic2=-1 pin2=-1
[    0.008007] tsc: Detected 2688.000 MHz processor
[    0.009757] Calibrating delay loop (skipped) preset value.. 5376.00 BogoMIPS (lpj=10752000)
[    0.012004] pid_max: default: 32768 minimum: 301
[    0.013515] Security Framework initialized
[    0.016003] Yama: becoming mindful.
[    0.017193] AppArmor: AppArmor initialized
[    0.018645] Dentry cache hash table entries: 65536 (order: 7, 524288 bytes)
[    0.020041] Inode-cache hash table entries: 32768 (order: 6, 262144 bytes)
[    0.024016] Mount-cache hash table entries: 1024 (order: 1, 8192 bytes)
[    0.026069] Mountpoint-cache hash table entries: 1024 (order: 1, 8192 bytes)
[    0.028498] process: using mwait in idle threads
[    0.030066] Last level iTLB entries: 4KB 0, 2MB 0, 4MB 0
[    0.032006] Last level dTLB entries: 4KB 0, 2MB 0, 4MB 0, 1GB 0
[    0.033890] Spectre V1 : Mitigation: usercopy/swapgs barriers and __user pointer sanitization
[    0.036011] Spectre V2 : Mitigation: Retpolines
[    0.037516] Spectre V2 : Spectre v2 / SpectreRSB mitigation: Filling RSB on context switch
[    0.040002] Spectre V2 : Spectre v2 / SpectreRSB : Filling RSB on VMEXIT
[    0.041430] Speculative Store Bypass: Vulnerable
[    0.063623] Freeing SMP alternatives memory: 36K
[    0.177955] smpboot: CPU0: 12th Gen Intel(R) Core(TM) i7-12650H (family: 0x6, model: 0x9a, stepping: 0x3)
[    0.180000] Performance Events: unsupported p6 CPU model 154 no PMU driver, software events only.
[    0.180055] Hierarchical SRCU implementation.
[    0.181798] NMI watchdog: Perf event create on CPU 0 failed with -2
[    0.184004] NMI watchdog: Perf NMI watchdog permanently disabled
[    0.185997] smp: Bringing up secondary CPUs ...
[    0.188004] smp: Brought up 1 node, 1 CPU
[    0.189388] smpboot: Max logical packages: 1
[    0.190580] smpboot: Total of 1 processors activated (5376.00 BogoMIPS)
[    0.192199] devtmpfs: initialized
[    0.193417] x86/mm: Memory block size: 128MB
[    0.196197] evm: security.selinux
[    0.197323] evm: security.SMACK64
[    0.198485] evm: security.SMACK64EXEC
[    0.200006] evm: security.SMACK64TRANSMUTE
[    0.201323] evm: security.SMACK64MMAP
[    0.202537] evm: security.apparmor
[    0.203250] evm: security.ima
[    0.204004] evm: security.capability
[    0.205354] clocksource: jiffies: mask: 0xffffffff max_cycles: 0xffffffff, max_idle_ns: 7645041785100000 ns
[    0.208032] futex hash table entries: 256 (order: 2, 16384 bytes)
[    0.209997] pinctrl core: initialized pinctrl subsystem
[    0.212058] RTC time: 14:32:47, date: 11/05/24
[    0.213609] NET: Registered protocol family 16
[    0.215146] audit: initializing netlink subsys (disabled)
[    0.216081] cpuidle: using governor ladder
[    0.216634] cpuidle: using governor menu
[    0.218129] ACPI: bus type PCI registered
[    0.220008] acpiphp: ACPI Hot Plug PCI Controller Driver version: 0.5
[    0.221992] audit: type=2000 audit(1730817173.205:1): state=initialized audit_enabled=0 res=1
[    0.224167] PCI: Using configuration type 1 for base access
[    0.228966] HugeTLB registered 2.00 MiB page size, pre-allocated 0 pages
[    0.231377] ACPI: Added _OSI(Module Device)
[    0.232008] ACPI: Added _OSI(Processor Device)
[    0.233425] ACPI: Added _OSI(3.0 _SCP Extensions)
[    0.236004] ACPI: Added _OSI(Processor Aggregator Device)
[    0.237897] ACPI: Added _OSI(Linux-Dell-Video)
[    0.238911] ACPI: Added _OSI(Linux-Lenovo-NV-HDMI-Audio)
[    0.239975] ACPI: Added _OSI(Linux-HPI-Hybrid-Graphics)
[    0.240543] ACPI: Executed 1 blocks of module-level executable AML code
[    0.250059] ACPI: Interpreter enabled
[    0.251334] ACPI: (supports S0 S5)
[    0.252007] ACPI: Using IOAPIC for interrupt routing
[    0.253908] PCI: Using host bridge windows from ACPI; if necessary, use "pci=nocrs" and report a bug
[    0.256242] ACPI: Enabled 2 GPEs in block 00 to 07
[    0.267536] ACPI: PCI Root Bridge [PCI0] (domain 0000 [bus 00-ff])
[    0.268018] acpi PNP0A03:00: _OSC: OS supports [ASPM ClockPM Segments MSI]
[    0.272062] acpi PNP0A03:00: _OSC: not requesting OS control; OS requires [ExtendedConfig ASPM ClockPM MSI]
[    0.275056] acpi PNP0A03:00: fail to add MMCONFIG information, can't access extended PCI configuration space under this bridge.
[    0.276670] PCI host bridge to bus 0000:00
[    0.280006] pci_bus 0000:00: root bus resource [io  0x0000-0x0cf7 window]
[    0.282104] pci_bus 0000:00: root bus resource [io  0x0d00-0xffff window]
[    0.284004] pci_bus 0000:00: root bus resource [mem 0x000a0000-0x000bffff window]
[    0.286338] pci_bus 0000:00: root bus resource [mem 0x20000000-0xfdffffff window]
[    0.288011] pci_bus 0000:00: root bus resource [bus 00-ff]
[    0.293819] pci 0000:00:01.1: legacy IDE quirk: reg 0x10: [io  0x01f0-0x01f7]
[    0.296007] pci 0000:00:01.1: legacy IDE quirk: reg 0x14: [io  0x03f6]
[    0.298121] pci 0000:00:01.1: legacy IDE quirk: reg 0x18: [io  0x0170-0x0177]
[    0.300005] pci 0000:00:01.1: legacy IDE quirk: reg 0x1c: [io  0x0376]
[    0.320505] pci 0000:00:07.0: quirk: [io  0x4000-0x403f] claimed by PIIX4 ACPI
[    0.323539] pci 0000:00:07.0: quirk: [io  0x4100-0x410f] claimed by PIIX4 SMB
[    0.336748] ACPI: PCI Interrupt Link [LNKA] (IRQs 5 9 10 *11)
[    0.339700] ACPI: PCI Interrupt Link [LNKB] (IRQs 5 9 *10 11)
[    0.340175] ACPI: PCI Interrupt Link [LNKC] (IRQs 5 *9 10 11)
[    0.342144] ACPI: PCI Interrupt Link [LNKD] (IRQs 5 9 10 *11)
[    0.344638] SCSI subsystem initialized
[    0.346047] pci 0000:00:02.0: vgaarb: setting as boot VGA device
[    0.347992] pci 0000:00:02.0: vgaarb: VGA device added: decodes=io+mem,owns=io+mem,locks=none
[    0.348012] pci 0000:00:02.0: vgaarb: bridge control possible
[    0.352004] vgaarb: loaded
[    0.353275] ACPI: bus type USB registered
[    0.356029] usbcore: registered new interface driver usbfs
[    0.357763] usbcore: registered new interface driver hub
[    0.360015] usbcore: registered new device driver usb
[    0.361700] EDAC MC: Ver: 3.0.0
[    0.364020] PCI: Using ACPI for IRQ routing
[    0.365842] NetLabel: Initializing
[    0.367465] NetLabel:  domain hash size = 128
[    0.368005] NetLabel:  protocols = UNLABELED CIPSOv4 CALIPSO
[    0.369826] NetLabel:  unlabeled traffic allowed by default
[    0.372198] clocksource: Switched to clocksource kvm-clock
[    0.442654] VFS: Disk quotas dquot_6.6.0
[    0.444145] VFS: Dquot-cache hash table entries: 512 (order 0, 4096 bytes)
[    0.446417] AppArmor: AppArmor Filesystem Enabled
[    0.448004] pnp: PnP ACPI init
[    0.450726] pnp: PnP ACPI: found 3 devices
[    0.457919] clocksource: acpi_pm: mask: 0xffffff max_cycles: 0xffffff, max_idle_ns: 2085701024 ns
[    0.460999] NET: Registered protocol family 2
[    0.462488] IP idents hash table entries: 8192 (order: 4, 65536 bytes)
[    0.464771] TCP established hash table entries: 4096 (order: 3, 32768 bytes)
[    0.467099] TCP bind hash table entries: 4096 (order: 4, 65536 bytes)
[    0.469144] TCP: Hash tables configured (established 4096 bind 4096)
[    0.471145] UDP hash table entries: 256 (order: 1, 8192 bytes)
[    0.472978] UDP-Lite hash table entries: 256 (order: 1, 8192 bytes)
[    0.475459] NET: Registered protocol family 1
[    0.476927] pci 0000:00:00.0: Limiting direct PCI/PCI transfers
[    0.478816] pci 0000:00:01.0: Activating ISA DMA hang workarounds
[    0.480884] pci 0000:00:02.0: Video device with shadowed ROM at [mem 0x000c0000-0x000dffff]
[    0.483722] Unpacking initramfs...
[    1.437150] Freeing initrd memory: 19528K
[    1.445096] clocksource: tsc: mask: 0xffffffffffffffff max_cycles: 0x26bef67878b, max_idle_ns: 440795293631 ns
[    1.448243] platform rtc_cmos: registered platform RTC device (no PNP device found)
[    1.451085] Scanning for low memory corruption every 60 seconds
[    1.453792] Initialise system trusted keyrings
[    1.455239] Key type blacklist registered
[    1.456686] workingset: timestamp_bits=36 max_order=17 bucket_order=0
[    1.459856] zbud: loaded
[    1.461550] squashfs: version 4.0 (2009/01/31) Phillip Lougher
[    1.463576] fuse init (API version 7.26)
[    1.465994] Key type asymmetric registered
[    1.467926] Asymmetric key parser 'x509' registered
[    1.469692] Block layer SCSI generic (bsg) driver version 0.4 loaded (major 246)
[    1.472257] io scheduler noop registered
[    1.472860] io scheduler deadline registered
[    1.473520] io scheduler cfq registered (default)
[    1.474375] ACPI: AC Adapter [AC] (off-line)
[    1.475049] input: Power Button as /devices/LNXSYSTM:00/LNXPWRBN:00/input/input0
[    1.476062] ACPI: Power Button [PWRF]
[    1.476684] input: Sleep Button as /devices/LNXSYSTM:00/LNXSLPBN:00/input/input1
[    1.478525] ACPI: Sleep Button [SLPF]
[    1.481227] ACPI: Battery Slot [BAT0] (battery present)
[    1.483040] Serial: 8250/16550 driver, 32 ports, IRQ sharing enabled
[    1.506948] 00:02: ttyS0 at I/O 0x3f8 (irq = 4, base_baud = 115200) is a 16550A
[    1.511258] Linux agpgart interface v0.103
[    1.514064] loop: module loaded
[    1.515919] scsi host0: ata_piix
[    1.517151] scsi host1: ata_piix
[    1.518288] ata1: PATA max UDMA/33 cmd 0x1f0 ctl 0x3f6 bmdma 0xd000 irq 14
[    1.520524] ata2: PATA max UDMA/33 cmd 0x170 ctl 0x376 bmdma 0xd008 irq 15
[    1.523555] tun: Universal TUN/TAP device driver, 1.6
[    1.525767] PPP generic driver version 2.4.2
[    1.527231] ehci_hcd: USB 2.0 'Enhanced' Host Controller (EHCI) Driver
[    1.529392] ehci-pci: EHCI PCI platform driver
[    1.530861] ehci-platform: EHCI generic platform driver
[    1.532566] ohci_hcd: USB 1.1 'Open' Host Controller (OHCI) Driver
[    1.534715] ohci-pci: OHCI PCI platform driver
[    1.536148] ohci-platform: OHCI generic platform driver
[    1.537849] uhci_hcd: USB Universal Host Controller Interface driver
[    1.539976] i8042: PNP: PS/2 Controller [PNP0303:PS2K,PNP0f03:PS2M] at 0x60,0x64 irq 1,12
[    1.543274] serio: i8042 KBD port at 0x60,0x64 irq 1
[    1.545045] serio: i8042 AUX port at 0x60,0x64 irq 12
[    1.546778] mousedev: PS/2 mouse device common for all mice
[    1.548614] input: AT Translated Set 2 keyboard as /devices/platform/i8042/serio0/input/input2
[    1.551688] rtc_cmos rtc_cmos: rtc core: registered rtc_cmos as rtc0
[    1.553931] rtc_cmos rtc_cmos: alarms up to one day, 114 bytes nvram
[    1.555899] i2c /dev entries driver
[    1.557273] device-mapper: uevent: version 1.0.3
[    1.558842] device-mapper: ioctl: 4.37.0-ioctl (2017-09-20) initialised: dm-devel@redhat.com
[    1.561550] ledtrig-cpu: registered to indicate activity on CPUs
[    1.563815] NET: Registered protocol family 10
[    1.569617] Segment Routing with IPv6
[    1.570912] NET: Registered protocol family 17
[    1.572463] Key type dns_resolver registered
[    1.573985] mce: Using 0 MCE banks
[    1.575139] RAS: Correctable Errors collector initialized.
[    1.576979] sched_clock: Marking stable (1576884621, 0)->(1846702300, -269817679)
[    1.579528] registered taskstats version 1
[    1.580919] Loading compiled-in X.509 certificates
[    1.585238] Loaded X.509 cert 'Build time autogenerated kernel key: b5b26778eaa3ab3a4a6cee031137706e947d12ad'
[    1.589268] Loaded X.509 cert 'Canonical Ltd. Live Patch Signing: 14df34d1a87cf37625abec039ef2bf521249b969'
[    1.593162] Loaded X.509 cert 'Canonical Ltd. Kernel Module Signing: 88f752e560a1e0737e31163a466ad7b70a850c19'
[    1.596213] blacklist: Loading compiled-in revocation X.509 certificates
[    1.598477] Loaded X.509 cert 'Canonical Ltd. Secure Boot Signing: 61482aa2830d0ab2ad5af10b7250da9033ddcef0'
[    1.602119] Loaded X.509 cert 'Canonical Ltd. Secure Boot Signing (2017): 242ade75ac4a15e50d50c84b0d45ff3eae707a03'
[    1.605389] Loaded X.509 cert 'Canonical Ltd. Secure Boot Signing (ESM 2018): 365188c1d374d6b07c3c8f240f8ef722433d6a8b'
[    1.608661] Loaded X.509 cert 'Canonical Ltd. Secure Boot Signing (2019): c0746fd6c5da3ae827864651ad66ae47fe24b3e8'
[    1.611944] Loaded X.509 cert 'Canonical Ltd. Secure Boot Signing (2021 v1): a8d54bbb3825cfb94fa13c9f8a594a195c107b8d'
[    1.615327] Loaded X.509 cert 'Canonical Ltd. Secure Boot Signing (2021 v2): 4cf046892d6fd3c9a5b03f98d845f90851dc6a8c'
[    1.619057] Loaded X.509 cert 'Canonical Ltd. Secure Boot Signing (2021 v3): 100437bb6de6e469b581e61cd66bce3ef4ed53af'
[    1.622288] Loaded X.509 cert 'Canonical Ltd. Secure Boot Signing (Ubuntu Core 2019): c1d57b8f6b743f23ee41f4f7ee292f06eecadfb9'
[    1.625912] zswap: loaded using pool lzo/zbud
[    1.631103] Key type big_key registered
[    1.632442] Key type trusted registered
[    1.635517] Key type encrypted registered
[    1.636985] AppArmor: AppArmor sha1 policy hashing enabled
[    1.638607] ima: No TPM chip found, activating TPM-bypass! (rc=-19)
[    1.640634] ima: Allocated hash algorithm: sha1
[    1.642101] evm: HMAC attrs: 0x1
[    1.643628]   Magic number: 0:369:535
[    1.644600] tty ttyS15: hash matches
[    1.645002] rtc_cmos rtc_cmos: setting system clock to 2024-11-05 14:32:49 UTC (1730817169)
[    1.646521] BIOS EDD facility v0.16 2004-Jun-25, 0 devices found
[    1.647094] EDD information not available.
[    1.708301] Freeing unused kernel image memory: 2480K
[    1.716293] Write protecting the kernel read-only data: 20480k
[    1.717943] Freeing unused kernel image memory: 2008K
[    1.719906] Freeing unused kernel image memory: 1820K
[    1.729384] x86/mm: Checked W+X mappings: passed, no W+X pages found.
Loading, please wait...
starting version 237
[    1.878966] e1000: Intel(R) PRO/1000 Network Driver - version 7.3.21-k8-NAPI
[    1.881400] e1000: Copyright (c) 1999-2006 Intel Corporation.
[    1.887406] Fusion MPT base driver 3.04.20
[    1.888105] Copyright (c) 1999-2008 LSI Corporation
[    1.934294] Fusion MPT SPI Host driver 3.04.20
[    1.939150] AVX2 version of gcm_enc/dec engaged.
[    1.940575] AES CTR mode by8 optimization enabled
[    2.111506] input: ImExPS/2 Generic Explorer Mouse as /devices/platform/i8042/serio1/input/input4
[    2.392671] e1000 0000:00:03.0 eth0: (PCI:33MHz:32-bit) 02:3b:7b:b7:3b:2d
[    2.395265] e1000 0000:00:03.0 eth0: Intel(R) PRO/1000 Network Connection
[    2.398898] mptbase: ioc0: Initiating bringup
[    2.504869] ioc0: LSI53C1030 A0: Capabilities={Initiator}
[    2.753178] scsi host2: ioc0: LSI53C1030 A0, FwRev=00000000h, Ports=1, MaxQ=256, IRQ=20
[    2.921227] scsi 2:0:0:0: Direct-Access     VBOX     HARDDISK         1.0  PQ: 0 ANSI: 5
[    2.924098] scsi target2:0:0: Beginning Domain Validation
[    2.935740] scsi target2:0:0: Domain Validation skipping write tests
[    2.937765] scsi target2:0:0: Ending Domain Validation
[    2.939164] scsi target2:0:0: asynchronous
[    2.940528] scsi 2:0:1:0: Direct-Access     VBOX     HARDDISK         1.0  PQ: 0 ANSI: 5
[    2.941569] scsi target2:0:1: Beginning Domain Validation
[    2.942560] scsi target2:0:1: Domain Validation skipping write tests
[    2.943345] scsi target2:0:1: Ending Domain Validation
[    2.944494] scsi target2:0:1: asynchronous
[    2.950570] sd 2:0:0:0: [sda] 83886080 512-byte logical blocks: (42.9 GB/40.0 GiB)
[    2.952623] sd 2:0:0:0: Attached scsi generic sg0 type 0
[    2.953458] sd 2:0:0:0: [sda] Write Protect is off
[    2.955288] sd 2:0:0:0: [sda] Incomplete mode parameter data
[    2.957130] sd 2:0:0:0: [sda] Assuming drive cache: write through
[    2.959796] sd 2:0:1:0: [sdb] 20480 512-byte logical blocks: (10.5 MB/10.0 MiB)
[    2.962344] sd 2:0:1:0: [sdb] Write Protect is off
[    2.969630] sd 2:0:1:0: Attached scsi generic sg1 type 0
[    2.972286] sd 2:0:1:0: [sdb] Incomplete mode parameter data
[    2.974062] sd 2:0:1:0: [sdb] Assuming drive cache: write through
[    3.008192]  sda: sda1
[    3.010071] sd 2:0:0:0: [sda] Attached SCSI disk
[    3.012630] sd 2:0:1:0: [sdb] Attached SCSI disk
[    3.404559] e1000 0000:00:08.0 eth1: (PCI:33MHz:32-bit) 08:00:27:7f:66:b3
[    3.407015] e1000 0000:00:08.0 eth1: Intel(R) PRO/1000 Network Connection
[    3.410767] e1000 0000:00:08.0 enp0s8: renamed from eth1
[    3.413901] e1000 0000:00:03.0 enp0s3: renamed from eth0
Begin: Loading essential drivers ... [    5.096045] raid6: sse2x1   gen()  6846 MB/s
[    5.144503] raid6: sse2x1   xor()  5287 MB/s
[    5.199890] raid6: sse2x2   gen() 10280 MB/s
[    5.260864] raid6: sse2x2   xor()  5810 MB/s
[    5.311424] raid6: sse2x4   gen() 10410 MB/s
[    5.367423] raid6: sse2x4   xor()  6014 MB/s
[    5.431365] raid6: avx2x1   gen() 13289 MB/s
[    5.488550] raid6: avx2x1   xor()  8468 MB/s
[    5.536108] raid6: avx2x2   gen() 13155 MB/s
[    5.585379] raid6: avx2x2   xor() 10201 MB/s
[    5.643958] raid6: avx2x4   gen() 17026 MB/s
[    5.704030] raid6: avx2x4   xor()  5060 MB/s
[    5.705619] raid6: using algorithm avx2x4 gen() 17026 MB/s
[    5.706274] raid6: .... xor() 5060 MB/s, rmw enabled
[    5.707126] raid6: using avx2x2 recovery algorithm
[    5.709922] xor: automatically using best checksumming function   avx       
[    5.712822] async_tx: api initialized (async)
done.
Begin: Running /scripts/init-premount ... done.
Begin: Mounting root file system ... Begin: Running /scripts/local-top ... done.
Begin: Running /scripts/local-premount ... [    5.786008] Btrfs loaded, crc32c=crc32c-intel
Scanning for Btrfs filesystems
done.
Warning: fsck not present, so skipping root file system
[    5.861744] EXT4-fs (sda1): mounted filesystem with ordered data mode. Opts: (null)
done.
Begin: Running /scripts/local-bottom ... done.
Begin: Running /scripts/init-bottom ... done.
[    6.034646] ip_tables: (C) 2000-2006 Netfilter Core Team
[    6.043374] systemd[1]: systemd 237 running in system mode. (+PAM +AUDIT +SELINUX +IMA +APPARMOR +SMACK +SYSVINIT +UTMP +LIBCRYPTSETUP +GCRYPT +GNUTLS +ACL +XZ +LZ4 +SECCOMP +BLKID +ELFUTILS +KMOD -IDN2 +IDN -PCRE2 default-hierarchy=hybrid)
[    6.049007] systemd[1]: Detected virtualization oracle.
[    6.050707] systemd[1]: Detected architecture x86-64.

Welcome to [1mUbuntu 18.04.6 LTS[0m!

[    6.055442] systemd[1]: Set hostname to <ubuntu>.
[    6.059380] systemd[1]: Initializing machine ID from random generator.
[    6.060589] systemd[1]: Installed transient /etc/machine-id file.
[    6.385771] systemd[1]: Created slice System Slice.
[[0;32m  OK  [0m] Created slice System Slice.
[    6.388896] systemd[1]: Listening on Syslog Socket.
[[0;32m  OK  [0m] Listening on Syslog Socket.
[    6.391853] systemd[1]: Listening on Network Service Netlink Socket.
[[0;32m  OK  [0m] Listening on Network Service Netlink Socket.
[    6.394366] systemd[1]: Listening on Journal Socket.
[[0;32m  OK  [0m] Listening on Journal Socket.
         Mounting Huge Pages File System...
         Mounting Kernel Debug File System...
[[0;32m  OK  [0m] Created slice User and Session Slice.
[[0;32m  OK  [0m] Reached target Slices.
[[0;32m  OK  [0m] Listening on Journal Audit Socket.
[[0;32m  OK  [0m] Reached target User and Group Name Lookups.
[[0;32m  OK  [0m] Listening on udev Control Socket.
[[0;32m  OK  [0m] Started Forward Password Requests to Wall Directory Watch.
[[0;32m  OK  [0m] Listening on LVM2 metadata daemon socket.
[[0;32m  OK  [0m] Reached target Mounting snaps.
[[0;32m  OK  [0m] Reached target Mounted snaps.
[[0;32m  OK  [0m] Listening on LVM2 poll daemon socket.
[[0;32m  OK  [0m] Listening on /dev/initctl Compatibility Named Pipe.
         Starting Set the console keyboard layout...
[[0;32m  OK  [0m] Created slice system-serial\x2dgetty.slice.
[[0;32m  OK  [0m] Reached target System Time Synchronized.
[[0;32m  OK  [0m] Listening on Device-mapper event daemon FIFOs.
         Starting Monitoring of LVM2 mirrorsâ€¦ng dmeventd or progress polling...
         Starting Load Kernel Modules...
         Starting Uncomplicated firewall...
[[0;32m  OK  [0m] Listening on fsck to fsckd communication Socket.
[[0;32m  OK  [0m] Reached target Swap.
[[0;32m  OK  [0m] Listening on Journal Socket (/dev/log).
         Starting Journal Service...
         Mounting POSIX Message Queue File System...
         Starting File System Check on Root Device...
         Starting Create list of required stâ€¦ce nodes for the current kernel...
[[0;32m  OK  [0m] Set up automount Arbitrary Executabâ€¦rmats File System Automount Point.
[    6.470530] Loading iSCSI transport class v2.0-870.
[    6.476355] iscsi: registered transport (tcp)
[[0;32m  OK  [0m] Listening on udev Kernel Socket.
         Starting udev Coldplug all Devices...
[[0;32m  OK  [0m] Started Journal Service.
[[0;32m  OK  [0m] Mounted Huge Pages File System.
[[0;32m  OK  [0m] Mounted Kernel Debug File System.
[    6.581942] iscsi: registered transport (iser)
[[0;32m  OK  [0m] Started Load Kernel Modules.
[[0;32m  OK  [0m] Started Uncomplicated firewall.
[[0;32m  OK  [0m] Mounted POSIX Message Queue File System.
[[0;32m  OK  [0m] Started File System Check on Root Device.
[[0;32m  OK  [0m] Started Create list of required staâ€¦vice nodes for the current kernel.
[[0;32m  OK  [0m] Started LVM2 metadata daemon.
[[0;32m  OK  [0m] Started File System Check Daemon to report status.
         Starting Create Static Device Nodes in /dev...
         Starting Remount Root and Kernel File Systems...
         Mounting FUSE Control File System...
         Mounting Kernel Configuration File System...
         Starting Apply Kernel Variables...
[[0;32m  OK  [0m] Mounted Kernel Configuration File System.
[[0;32m  OK  [0m] Mounted FUSE Control File System.
[[0;32m  OK  [0m] Started udev Coldplug all Devices.
[[0;32m  OK  [0m] Started Apply Kernel Variables.
[[0;32m  OK  [0m] Started Remount Root and Kernel File Systems.
         Starting Flush Journal to Persistent Storage...
         Starting Load/Save Random Seed...
[[0;32m  OK  [0m] Started Monitoring of LVM2 mirrors,â€¦sing dmeventd or progress polling.
[[0;32m  OK  [0m] Started Load/Save Random Seed.
[[0;32m  OK  [0m] Started Create Static Device Nodes in /dev.
         Starting udev Kernel Device Manager...
[[0;32m  OK  [0m] Started Flush Journal to Persistent Storage.
[[0;32m  OK  [0m] Started udev Kernel Device Manager.
[[0;32m  OK  [0m] Found device /dev/ttyS0.
[[0;32m  OK  [0m] Listening on Load/Save RF Kill Switch Status /dev/rfkill Watch.
         Mounting Arbitrary Executable File Formats File System...
[[0;32m  OK  [0m] Mounted Arbitrary Executable File Formats File System.
[[0;32m  OK  [0m] Started Set the console keyboard layout.
[[0;32m  OK  [0m] Started Dispatch Password Requests to Console Directory Watch.
[[0;32m  OK  [0m] Reached target Local Encrypted Volumes.
[[0;32m  OK  [0m] Reached target Local File Systems (Pre).
[[0;32m  OK  [0m] Reached target Local File Systems.
         Starting Tell Plymouth To Write Out Runtime Data...
         Starting AppArmor initialization...
         Starting Set console font and keymap...
         Starting Create Volatile Files and Directories...
         Starting ebtables ruleset management...
         Starting Commit a transient machine-id on disk...
[[0;32m  OK  [0m] Started Tell Plymouth To Write Out Runtime Data.
[[0;32m  OK  [0m] Started Create Volatile Files and Directories.
         Starting Update UTMP about System Boot/Shutdown...
[[0;32m  OK  [0m] Started Commit a transient machine-id on disk.
[[0;32m  OK  [0m] Started Update UTMP about System Boot/Shutdown.
[[0;32m  OK  [0m] Started ebtables ruleset management.
[[0;32m  OK  [0m] Started AppArmor initialization.
         Starting Initial cloud-init job (pre-networking)...
         Starting Load AppArmor profiles managed internally by snapd...
[[0;32m  OK  [0m] Started Load AppArmor profiles managed internally by snapd.
[[0;32m  OK  [0m] Started Set console font and keymap.
[   14.058448] cloud-init[801]: Cloud-init v. 23.1.2-0ubuntu0~18.04.1 running 'init-local' at Tue, 05 Nov 2024 14:33:01 +0000. Up 13.56 seconds.
[[0;32m  OK  [0m] Started Initial cloud-init job (pre-networking).
[[0;32m  OK  [0m] Reached target Network (Pre).
         Starting Network Service...
[[0;32m  OK  [0m] Started Network Service.
         Starting Wait for Network to be Configured...
         Starting Network Name Resolution...
[[0;32m  OK  [0m] Started Network Name Resolution.
[[0;32m  OK  [0m] Reached target Network.
[[0;32m  OK  [0m] Reached target Host and Network Name Lookups.
[[0;32m  OK  [0m] Started Wait for Network to be Configured.
         Starting Initial cloud-init job (metadata service crawler)...
[   16.093485] cloud-init[963]: Cloud-init v. 23.1.2-0ubuntu0~18.04.1 running 'init' at Tue, 05 Nov 2024 14:33:03 +0000. Up 15.88 seconds.
[   16.094960] cloud-init[963]: ci-info: ++++++++++++++++++++++++++++++++++++++Net device info+++++++++++++++++++++++++++++++++++++++
[   16.101605] cloud-init[963]: ci-info: +--------+-------+----------------------------+---------------+--------+-------------------+
[   16.105942] cloud-init[963]: ci-info: | Device |   Up  |          Address           |      Mask     | Scope  |     Hw-Address    |
[   16.111813] cloud-init[963]: ci-info: +--------+-------+----------------------------+---------------+--------+-------------------+
[   16.112830] cloud-init[963]: ci-info: | enp0s3 |  True |         10.0.2.15          | 255.255.255.0 | global | 02:3b:7b:b7:3b:2d |
[   16.116224] cloud-init[963]: ci-info: | enp0s3 |  True | fe80::3b:7bff:feb7:3b2d/64 |       .       |  link  | 02:3b:7b:b7:3b:2d |
[   16.120826] cloud-init[963]: ci-info: | enp0s8 | False |             .              |       .       |   .    | 08:00:27:7f:66:b3 |
[   16.124164] cloud-init[963]: ci-info: |   lo   |  True |         127.0.0.1          |   255.0.0.0   |  host  |         .         |
[   16.127012] cloud-init[963]: ci-info: |   lo   |  True |          ::1/128           |       .       |  host  |         .         |
[   16.132113] cloud-init[963]: ci-info: +--------+-------+----------------------------+---------------+--------+-------------------+
[   16.134634] cloud-init[963]: ci-info: ++++++++++++++++++++++++++++Route IPv4 info+++++++++++++++++++++++++++++
[   16.140366] cloud-init[963]: ci-info: +-------+-------------+----------+-----------------+-----------+-------+
[   16.152275] cloud-init[963]: ci-info: | Route | Destination | Gateway  |     Genmask     | Interface | Flags |
[   16.164343] cloud-init[963]: ci-info: +-------+-------------+----------+-----------------+-----------+-------+
[   16.176245] cloud-init[963]: ci-info: |   0   |   0.0.0.0   | 10.0.2.2 |     0.0.0.0     |   enp0s3  |   UG  |
[   16.177710] cloud-init[963]: ci-info: |   1   |   10.0.2.0  | 0.0.0.0  |  255.255.255.0  |   enp0s3  |   U   |
[   16.179135] cloud-init[963]: ci-info: |   2   |   10.0.2.2  | 0.0.0.0  | 255.255.255.255 |   enp0s3  |   UH  |
[   16.179850] cloud-init[963]: ci-info: +-------+-------------+----------+-----------------+-----------+-------+
[   16.192226] cloud-init[963]: ci-info: +++++++++++++++++++Route IPv6 info+++++++++++++++++++
[   16.204820] cloud-init[963]: ci-info: +-------+-------------+---------+-----------+-------+
[   16.216258] cloud-init[963]: ci-info: | Route | Destination | Gateway | Interface | Flags |
[   16.217066] cloud-init[963]: ci-info: +-------+-------------+---------+-----------+-------+
[   16.218636] cloud-init[963]: ci-info: |   1   |  fe80::/64  |    ::   |   enp0s3  |   U   |
[   16.228257] cloud-init[963]: ci-info: |   3   |    local    |    ::   |   enp0s3  |   U   |
[   16.229989] cloud-init[963]: ci-info: |   4   |   ff00::/8  |    ::   |   enp0s3  |   U   |
[   16.230510] cloud-init[963]: ci-info: +-------+-------------+---------+-----------+-------+
[   16.854524] cloud-init[963]: Generating public/private rsa key pair.
[   16.855396] cloud-init[963]: Your identification has been saved in /etc/ssh/ssh_host_rsa_key.
[   16.868262] cloud-init[963]: Your public key has been saved in /etc/ssh/ssh_host_rsa_key.pub.
[   16.880638] cloud-init[963]: The key fingerprint is:
[   16.881275] cloud-init[963]: SHA256:kZhXDHBI8Y3+fyBQJz3NZIoWfw7fha/hNbtuSz8TALs root@ubuntu-bionic
[   16.899068] cloud-init[963]: The key's randomart image is:
[   16.908361] cloud-init[963]: +---[RSA 2048]----+
[   16.920448] cloud-init[963]: |     .++ooo. +o  |
[[0;32m  OK  [0m] Started Initial cloud-init job (metadata service crawler).
[   16.936276] cloud-init[963]: |      .= =+=+oo. |
[   16.936905] cloud-init[963]: |      o *.+o*.o .|
[   16.937615] cloud-init[963]: |       o.o . * o.|
[   16.938225] cloud-init[963]: |        S.  . =.+|
[   16.939041] cloud-init[963]: |         ..E.. =o|
[   16.939488] cloud-init[963]: |          .. .oo.|
[[0;32m  OK  [0m] Reached target Network is Online.
[[0;32m  OK  [0m] Reached target Remote File Systems (Pre).
[[0;32m  OK  [0m] Reached target Remote File Systems.
         Starting Availability of block devices...
[[0;32m  OK  [0m] Reached target Cloud-config availability.
[[0;32m  OK  [0m] Reached target System Initialization.
         Starting Socket activation for snappy daemon.
[[0;32m  OK  [0m] Listening on D-Bus System Message Bus Socket.
[   16.952919] cloud-init[963]: |           .  o+o|
         Starting LXD - unix socket.
[[0;32m  OK  [0m] Started Discard unused blocks once a week.
[[0;32m  OK  [0m] Listening on cloud-init hotplug hook socket.
[[0;32m  OK  [0m] Started Daily apt download activities.
[[0;32m  OK  [0m] Started Daily Cleanup of Temporary Directories.
[[0;32m  OK  [0m] Listening on ACPID Listen Socket.
[[0;32m  OK  [0m] Listening on UUID daemon activation socket.
[   16.958797] cloud-init[963]: |            ..o+=|
[[0;32m  OK  [0m] Started Message of the Day.
[[0;32m  OK  [0m] Started Daily apt upgrade and clean activities.
[   16.993833] cloud-init[963]: +----[SHA256]-----+
[   17.005815] cloud-init[963]: Generating public/private dsa key pair.
[   17.007263] cloud-init[963]: Your identification has been saved in /etc/ssh/ssh_host_dsa_key.
[[0;32m  OK  [0m] Started ACPI Events Check.
[[0;32m  OK  [0m] Reached target Paths.
[[0;32m  OK  [0m] Listening on Open-iSCSI iscsid Socket.
[[0;32m  OK  [0m] Started Ubuntu Advantage Timer for running repeated jobs.
[   17.022909] cloud-init[963]: Your public key has been saved in /etc/ssh/ssh_host_dsa_key.pub.
[   17.069209] cloud-init[963]: The key fingerprint is:
[[0;32m  OK  [0m] Reached target Timers.
[   17.082471] cloud-init[963]: SHA256:t40J6zFuoZuqGK0Ql6zXHkvGdximmb2hf1EmGkh9Dc8 root@ubuntu-bionic
[   17.096935] cloud-init[963]: The key's randomart image is:
[   17.098041] cloud-init[963]: +---[DSA 1024]----+
[[0;32m  OK  [0m] Started Availability of block devices.
[[0;32m  OK  [0m] Listening on Socket activation for snappy daemon.
[[0;32m  OK  [0m] Listening on LXD - unix socket.
[[0;32m  OK  [0m] Reached target Sockets.
[[0;32m  OK  [0m] Reached target Basic System.
[[0;32m  OK  [0m] Started FUSE filesystem for LXC.
[   17.102711] cloud-init[963]: |     .  .o       |
[   17.117064] cloud-init[963]: |    . . .o.      |
         Starting LSB: Record successful boot for GRUB...
         Starting Accounts Service...
         Starting Virtualbox guest utils...
[   17.132602] cloud-init[963]: |   . . .  E      |
[   17.148779] cloud-init[963]: | . .. . . o      |
[[0;32m  OK  [0m] Started D-Bus System Message Bus.
[   17.155673] cloud-init[963]: |. +   ooS+.      |
[   17.157399] cloud-init[963]: | = o *.oo+ =     |
[   17.157787] cloud-init[963]: |+ o X =.=o+ .    |
[   17.159904] cloud-init[963]: |.= + =.Boo       |
[   17.160935] cloud-init[963]: |o ..=o=+o        |
[   17.163502] cloud-init[963]: +----[SHA256]-----+
[   17.168262] cloud-init[963]: Generating public/private ecdsa key pair.
[   17.169658] cloud-init[963]: Your identification has been saved in /etc/ssh/ssh_host_ecdsa_key.
[   17.171086] cloud-init[963]: Your public key has been saved in /etc/ssh/ssh_host_ecdsa_key.pub.
[   17.172121] cloud-init[963]: The key fingerprint is:
[   17.184192] cloud-init[963]: SHA256:xtQapSVswSzjtTNWVf2o9BGXXNJo0awlhWRQkSIim9A root@ubuntu-bionic
[   17.185074] cloud-init[963]: The key's randomart image is:
[   17.185530] cloud-init[963]: +---[ECDSA 256]---+
[   17.196087] cloud-init[963]: |     . +o.o.o=X%=|
[   17.196707] cloud-init[963]: |    . E B*o ..B+B|
         Starting Permit User Sessions...
[   17.218900] cloud-init[963]: |     o O++.. o B.|
[   17.224340] cloud-init[963]: |      +o=o  . + .|
[   17.236326] cloud-init[963]: |       .So . o . |
[[0;32m  OK  [0m] Started Regular background program processing daemon.
[[0;32m  OK  [0m] Reached target Login Prompts (Pre).
[   17.252435] cloud-init[963]: |       .    . .  |
[   17.255393]          Starting Dispatcher daemon for systemd-networkd...
cloud-init         Starting Pollinate to seed the pseudo random number generator...
[963]: |                 |
         Starting LXD - container startup/shutdown...
[   17.279337] cloud-init[963]: |                 |
[   17.285130] cloud-init[963]: |                 |
[   17.308471] cloud-init[963]: +----[SHA256]-----+
[   17.308796] cloud-init[963]: Generating public/private ed25519 key pair.
[   17.309148] cloud-init[963]: Your identification has been saved in /etc/ssh/ssh_host_ed25519_key.
[   17.311000] cloud-init[963]: Your public key has been saved in /etc/ssh/ssh_host_ed25519_key.pub.
[   17.312775] cloud-init[963]: The key fingerprint is:
[   17.314123] cloud-init[963]: SHA256:BZPcNmaQPvNJVZsRkQ1cXWpj7WRNcJPliCGZ9A9IrFQ root@ubuntu-bionic
[   17.315264] cloud-init[963]: The key's randomart image is:
[   17.316277] cloud-init[963]: +--[ED25519 256]--+
[   17.318868] cloud-init[963]: |       .+OEo.oBX@|
[   17.319848] cloud-init[963]: |        =+X+.oo%=|
[   17.321767] cloud-init[963]: |       o =oo+ O *|
[   17.323075] cloud-init[963]: |        =..  = = |
[   17.324656] cloud-init[963]: |        S= .  . .|
[   17.327041] cloud-init[963]: |          o      |
[   17.327696] cloud-init[963]: |                 |
[   17.329991] cloud-init[963]: |                 |
[   17.333371] cloud-init[963]: |                 |
[[0;32m  OK  [0m] Started irqbalance daemon.
         Starting LSB: automatic crash report generation...
         Starting System Logging Service...
[   17.360757] cloud-init[963]: +----[SHA256]-----+
         Starting Snap Daemon...
[[0;32m  OK  [0m] Started Deferred execution scheduler.
         Starting Login Service...
[[0;32m  OK  [0m] Started Permit User Sessions.
[[0;32m  OK  [0m] Started Login Service.
[[0;32m  OK  [0m] Started Unattended Upgrades Shutdown.
         Starting Authorization Manager...
         Starting Terminate Plymouth Boot Screen...
         Starting Hold until boot process finishes up...
[[0;32m  OK  [0m] Started Hold until boot process finishes up.
[[0;32m  OK  [0m] Started Terminate Plymouth Boot Screen.
[[0;32m  OK  [0m] Started Serial Getty on ttyS0.
         Starting Set console scheme...
[[0;32m  OK  [0m] Started Authorization Manager.
[[0;32m  OK  [0m] Started Accounts Service.
[[0;32m  OK  [0m] Started Set console scheme.
[[0;32m  OK  [0m] Created slice system-getty.slice.
[[0;32m  OK  [0m] Started Getty on tty1.
[[0;32m  OK  [0m] Reached target Login Prompts.
[[0;32m  OK  [0m] Started LSB: automatic crash report generation.
[[0;32m  OK  [0m] Started LXD - container startup/shutdown.
[[0;32m  OK  [0m] Started LSB: Record successful boot for GRUB.
[[0;32m  OK  [0m] Started System Logging Service.
[[0;32m  OK  [0m] Started Virtualbox guest utils.
[[0;32m  OK  [0m] Started Dispatcher daemon for systemd-networkd.
[[0;32m  OK  [0m] Started Snap Daemon.
         Starting Wait until snapd is fully seeded...
[[0;32m  OK  [0m] Started Pollinate to seed the pseudo random number generator.
         Starting OpenBSD Secure Shell server...
[[0;32m  OK  [0m] Started OpenBSD Secure Shell server.
[[0;32m  OK  [0m] Created slice User Slice of vagrant.
         Starting User Manager for UID 1000...
[[0;32m  OK  [0m] Started Session 1 of user vagrant.
[[0;32m  OK  [0m] Started User Manager for UID 1000.
         Starting Time & Date Service...
[[0;32m  OK  [0m] Started Time & Date Service.
[[0;32m  OK  [0m] Started Wait until snapd is fully seeded.
         Starting Apply the settings specified in cloud-config...

Ubuntu 18.04.6 LTS ubuntu-bionic ttyS0

ubuntu-bionic login: [   24.739900] cloud-init[1533]: Cloud-init v. 23.1.2-0ubuntu0~18.04.1 running 'modules:config' at Tue, 05 Nov 2024 14:33:11 +0000. Up 23.94 seconds.
ci-info: no authorized SSH keys fingerprints found for user ubuntu.
<14>Nov  5 14:33:13 cloud-init: #############################################################
<14>Nov  5 14:33:13 cloud-init: -----BEGIN SSH HOST KEY FINGERPRINTS-----
<14>Nov  5 14:33:13 cloud-init: 1024 SHA256:t40J6zFuoZuqGK0Ql6zXHkvGdximmb2hf1EmGkh9Dc8 root@ubuntu-bionic (DSA)
<14>Nov  5 14:33:13 cloud-init: 256 SHA256:xtQapSVswSzjtTNWVf2o9BGXXNJo0awlhWRQkSIim9A root@ubuntu-bionic (ECDSA)
<14>Nov  5 14:33:13 cloud-init: 256 SHA256:BZPcNmaQPvNJVZsRkQ1cXWpj7WRNcJPliCGZ9A9IrFQ root@ubuntu-bionic (ED25519)
<14>Nov  5 14:33:13 cloud-init: 2048 SHA256:kZhXDHBI8Y3+fyBQJz3NZIoWfw7fha/hNbtuSz8TALs root@ubuntu-bionic (RSA)
<14>Nov  5 14:33:13 cloud-init: -----END SSH HOST KEY FINGERPRINTS-----
<14>Nov  5 14:33:13 cloud-init: #############################################################
-----BEGIN SSH HOST KEY KEYS-----
ecdsa-sha2-nistp256 AAAAE2VjZHNhLXNoYTItbmlzdHAyNTYAAAAIbmlzdHAyNTYAAABBBOQXJWbW+BgOTR+N1skRyjQlYDkddOWttPJeqLqgvCB2tonaKwczLBgSK4xPBVaofcCdkVGBZe/SASXdQ/CJnig= root@ubuntu-bionic
ssh-ed25519 AAAAC3NzaC1lZDI1NTE5AAAAIP8xcFA4/h5n7uth9gYfcZOE4H6awCGs7nI9SQgtyFm/ root@ubuntu-bionic
ssh-rsa AAAAB3NzaC1yc2EAAAADAQABAAABAQDJqN4uac/CCPg87rVGB6gutOWJ52ILp8pAoU95ZzNHzmcpOhpdCs2KDL3XRtX327CDGkWRMjBG1mj/D6yRDOpq270mcZCqNFz3JH3gKbtN+7cJDD6LwuTeaPcM2Z/aCzPpl7V4sXvwl8VyBaAsD4A5/t3z80n+Dn01ic5wgn5jpAhoNEr4znhR96xhEAHrT8KxZjikSdV6l/LO1udbUI4z9EXhkt+9kF7Ui2OWjvgPLgkcYJqSsolPyaKYxNAgF6DGxlasbAY0II94qBQRDd5vl+4brD1GlmmNBJxS/bHq4qJIJK6x+stwoRg7dKSyjjhj78GzHK1A/MlPt/K+WUO7 root@ubuntu-bionic
-----END SSH HOST KEY KEYS-----
[   26.084436] cloud-init[1687]: Cloud-init v. 23.1.2-0ubuntu0~18.04.1 running 'modules:final' at Tue, 05 Nov 2024 14:33:13 +0000. Up 25.72 seconds.
[   26.085855] cloud-init[1687]: Cloud-init v. 23.1.2-0ubuntu0~18.04.1 finished at Tue, 05 Nov 2024 14:33:13 +0000. Datasource DataSourceNoCloud [seed=/dev/sdb][dsmode=net].  Up 26.07 seconds
